// Jest Snapshot v1, https://goo.gl/fbAQLP

exports[`transmute/filterNot filterNots Lists 1`] = `
Immutable.List [
  1,
  3,
]
`;

exports[`transmute/filterNot filterNots Maps 1`] = `
Immutable.Map {
  one: 1,
  three: 3,
}
`;
