// Jest Snapshot v1, https://goo.gl/fbAQLP

exports[`transmute/map maps a List 1`] = `
Immutable.List [
  2,
  3,
  4,
]
`;

exports[`transmute/map maps a Map 1`] = `
Immutable.Map {
  one: 2,
  two: 3,
  three: 4,
}
`;
