// Jest Snapshot v1, https://goo.gl/fbAQLP

exports[`transmute/pluck extracts the value of each key in each item 1`] = `
Immutable.List [
  1,
  2,
  3,
]
`;
