// Jest Snapshot v1, https://goo.gl/fbAQLP

exports[`transmute/toSeq converts to a sequence 1`] = `
Immutable.Seq [
  1,
  2,
  3,
]
`;

exports[`transmute/toSeq converts to a sequence 2`] = `
Immutable.Seq [
  "1",
  "2",
  "3",
]
`;
